npx : 'CALL "C:\Program Files\nodejs\\node.exe" "C:\Program Files\nodejs\\node_modules\npm\bin\npm-prefix.js"' n'est pas reconnu 
en tant que commande interne
Au caractère Ligne:1 : 1
+ npx tsc --noEmit > tsc_errors.txt 2>&1
+ ~~~~~~~~~~~~~~~~~~~~~~~~~~~~~~~~~~~~~~
    + CategoryInfo          : NotSpecified: ('CALL "C:\Progr...ommande interne:String) [], RemoteException
    + FullyQualifiedErrorId : NativeCommandError
 
ou externe, un programme exécutable ou un fichier de commandes.
src/components/agent/createAgentForm.tsx(3,10): error TS2305: Module '"../../services/agents"' has no exported member 'createAgent'.
src/components/agent/myAgentList.tsx(2,29): error TS2307: Cannot find module '../../services/agent' or its corresponding type declarations.
src/components/commission/commissionList.tsx(2,50): error TS2307: Cannot find module '../../services/commission' or its corresponding type declarations.
src/components/commission/createOrEditCommissionForm.tsx(2,71): error TS2307: Cannot find module '../../services/commission' or its corresponding type declarations.
src/components/merchant/merchantProfile.tsx(2,32): error TS2307: Cannot find module '.../services/merchants' or its corresponding type declarations.
src/components/merchant/merchantProfile.tsx(10,37): error TS7006: Parameter 'res' implicitly has an 'any' type.
src/components/merchant/merchantTransactions.tsx(1,8): error TS6133: 'React' is declared but its value is never read.
src/components/merchant/merchantTransactions.tsx(2,36): error TS2307: Cannot find module '@/services/merchants' or its corresponding type declarations.
src/components/merchant/merchantTransactions.tsx(10,31): error TS7006: Parameter 'res' implicitly has an 'any' type.
src/components/merchant/merchantWallet.tsx(1,8): error TS6133: 'React' is declared but its value is never read.
src/components/merchant/merchantWallet.tsx(3,1): error TS6192: All imports in import declaration are unused.
src/components/merchant/merchantWallet.tsx(4,31): error TS2307: Cannot find module '@/services/merchants' or its corresponding type declarations.
src/components/merchant/merchantWallet.tsx(15,36): error TS7006: Parameter 'res' implicitly has an 'any' type.
src/components/partner/partnerAgent.tsx(1,8): error TS6133: 'React' is declared but its value is never read.
src/components/partner/partnerAgent.tsx(2,34): error TS2307: Cannot find module '../../api/partners' or its corresponding type declarations.
src/components/partner/partnerAgent.tsx(8,32): error TS7006: Parameter 'res' implicitly has an 'any' type.
src/components/partner/partnerForm.tsx(4,31): error TS2307: Cannot find module '../../api/partners' or its corresponding type declarations.
src/components/partner/partnerList.tsx(1,1): error TS6133: 'React' is declared but its value is never read.
src/components/partner/partnerList.tsx(2,29): error TS2307: Cannot find module '../../hooks/usePartners' or its corresponding type declarations.
src/components/partner/partnerList.tsx(14,17): error TS2322: Type '{ children: string; href: string; }' is not assignable to type 'IntrinsicAttributes & ButtonProps'.
  Property 'href' does not exist on type 'IntrinsicAttributes & ButtonProps'.
src/components/partner/partnerList.tsx(31,25): error TS2322: Type '"outline"' is not assignable to type 'ButtonVariant | undefined'.
src/components/partner/partnerList.tsx(35,19): error TS2322: Type '"destructive"' is not assignable to type 'ButtonVariant | undefined'.
src/components/partner/partnerPerformance.tsx(1,8): error TS6133: 'React' is declared but its value is never read.
src/components/partner/partnerPerformance.tsx(2,39): error TS2307: Cannot find module '../../api/partners' or its corresponding type declarations.
src/components/partner/partnerPerformance.tsx(8,37): error TS7006: Parameter 'res' implicitly has an 'any' type.
src/components/user/userTransactions.tsx(1,8): error TS6133: 'React' is declared but its value is never read.
src/components/user/userTransactions.tsx(2,37): error TS2307: Cannot find module '../services/api' or its corresponding type declarations.
src/components/user/userTransactions.tsx(3,10): error TS1484: 'Wallet' is a type and must be imported using a type-only import when 'verbatimModuleSyntax' is enabled.
src/components/user/userTransactions.tsx(3,24): error TS1261: Already included file name 'C:/Users/ADMIN/Documents/Dashboard-CRM/src/components/user/UserWallet.tsx' differs from file name 'C:/Users/ADMIN/Documents/Dashboard-CRM/src/components/user/userWallet.tsx' only in casing.
  The file is in the program because:
    Imported via "./UserWallet" from file 'C:/Users/ADMIN/Documents/Dashboard-CRM/src/components/user/userTransactions.tsx'
    Matched by include pattern 'src/**/*.tsx' in 'C:/Users/ADMIN/Documents/Dashboard-CRM/tsconfig.json'
src/components/user/userTransactions.tsx(17,28): error TS7006: Parameter 'res' implicitly has an 'any' type.
src/components/user/UserWallet.tsx(2,8): error TS6133: 'React' is declared but its value is never read.
src/components/user/UserWallet.tsx(5,31): error TS2307: Cannot find module '../services/api' or its corresponding type declarations.
src/components/user/UserWallet.tsx(18,22): error TS7006: Parameter 'res' implicitly has an 'any' type.
src/hooks/usePartner.ts(6,3): error TS6133: 'getPartner' is declared but its value is never read.
src/hooks/usePartner.ts(7,3): error TS6133: 'updatePartner' is declared but its value is never read.
src/hooks/usePartner.ts(28,17): error TS2345: Argument of type '(prev: never[]) => any[]' is not assignable to parameter of type 'SetStateAction<never[]>'.
  Type '(prev: never[]) => any[]' is not assignable to type '(prevState: never[]) => never[]'.
    Type 'any[]' is not assignable to type 'never[]'.
      Type 'any' is not assignable to type 'never'.
src/pages/DashboardAgent.tsx(2,53): error TS2307: Cannot find module '../services/agent/api' or its corresponding type declarations.
src/pages/DashboardAgent.tsx(3,21): error TS2307: Cannot find module '../../components/agent/myStats' or its corresponding type declarations.
src/pages/DashboardAgent.tsx(4,28): error TS2307: Cannot find module '../../components/agent/myTransaction' or its corresponding type declarations.
src/pages/DashboardAgent.tsx(5,22): error TS2307: Cannot find module '../../components/agent/myWallet' or its corresponding type declarations.
src/pages/DashboardAgent.tsx(6,29): error TS2307: Cannot find module '../../components/agent/createAgentForm' or its corresponding type declarations.
src/pages/DashboardCommission.tsx(2,28): error TS1149: File name 'C:/Users/ADMIN/Documents/Dashboard-CRM/src/components/commission/CommissionList.tsx' differs from already included file name 'C:/Users/ADMIN/Documents/Dashboard-CRM/src/components/commission/commissionList.tsx' only in casing.
  The file is in the program because:
    Matched by include pattern 'src/**/*.tsx' in 'C:/Users/ADMIN/Documents/Dashboard-CRM/tsconfig.json'
    Imported via "../components/commission/CommissionList" from file 'C:/Users/ADMIN/Documents/Dashboard-CRM/src/pages/DashboardCommission.tsx'
src/pages/DashboardCommission.tsx(3,40): error TS1149: File name 'C:/Users/ADMIN/Documents/Dashboard-CRM/src/components/commission/CreateOrEditCommissionForm.tsx' differs from already included file name 'C:/Users/ADMIN/Documents/Dashboard-CRM/src/components/commission/createOrEditCommissionForm.tsx' only in casing.
  The file is in the program because:
    Matched by include pattern 'src/**/*.tsx' in 'C:/Users/ADMIN/Documents/Dashboard-CRM/tsconfig.json'
    Imported via "../components/commission/CreateOrEditCommissionForm" from file 'C:/Users/ADMIN/Documents/Dashboard-CRM/src/pages/DashboardCommission.tsx'
src/pages/DashboardCommission.tsx(4,27): error TS1149: File name 'C:/Users/ADMIN/Documents/Dashboard-CRM/src/components/commission/CommissionKPI.tsx' differs from already included file name 'C:/Users/ADMIN/Documents/Dashboard-CRM/src/components/commission/commissionKPI.tsx' only in casing.
  The file is in the program because:
    Matched by include pattern 'src/**/*.tsx' in 'C:/Users/ADMIN/Documents/Dashboard-CRM/tsconfig.json'
    Imported via "../components/commission/CommissionKPI" from file 'C:/Users/ADMIN/Documents/Dashboard-CRM/src/pages/DashboardCommission.tsx'
src/pages/DashboardCommission.tsx(5,32): error TS2307: Cannot find module '../services/commission' or its corresponding type declarations.
src/pages/DashboardMerchant.tsx(15,10): error TS2305: Module '"../services/merchants"' has no exported member 'getProfileMerchants'.
src/pages/DashboardMerchant.tsx(15,31): error TS2305: Module '"../services/merchants"' has no exported member 'getMerchantTransactions'.
src/pages/DashboardMerchant.tsx(15,56): error TS2305: Module '"../services/merchants"' has no exported member 'getMerchantWallets'.
src/pages/DashboardMerchant.tsx(140,46): error TS2719: Type 'Wallet[]' is not assignable to type 'Wallet[]'. Two different types with this name exist, but they are unrelated.
  Property 'devise' is missing in type 'Wallet' but required in type 'Wallet'.
src/pages/DashboardMerchant.tsx(167,10): error TS2739: Type '{ transactions: Transaction[]; }' is missing the following properties from type 'Props': exportCSV, exportExcel
src/pages/DashboardPartner.tsx(2,1): error TS6192: All imports in import declaration are unused.
src/pages/DashboardPartner.tsx(3,51): error TS2307: Cannot find module '../../types/domain' or its corresponding type declarations.
src/pages/DashboardPartner.tsx(4,27): error TS2307: Cannot find module '../../components/analyticCard' or its corresponding type declarations.
src/pages/DashboardPartner.tsx(5,100): error TS2307: Cannot find module '../../services/partners' or its corresponding type declarations.
src/pages/DashboardPartner.tsx(6,25): error TS2307: Cannot find module '../../store/auth' or its corresponding type declarations.
src/pages/DashboardPartner.tsx(10,10): error TS6133: 'wallets' is declared but its value is never read.
src/pages/DashboardUser.tsx(3,24): error TS2307: Cannot find module '../components/userWallet' or its corresponding type declarations.
src/pages/DashboardUser.tsx(4,31): error TS2307: Cannot find module '../components/userTransactions' or its corresponding type declarations.
src/pages/DashboardUser.tsx(5,10): error TS2724: '"../services/api"' has no exported member named 'getClientWallet'. Did you mean 'getAgentWallet'?
src/pages/DashboardUser.tsx(5,27): error TS2724: '"../services/api"' has no exported member named 'getClientTransactions'. Did you mean 'getAgentTransactions'?
src/services/api.ts(183,14): error TS2451: Cannot redeclare block-scoped variable 'getUserWallet'.
src/services/api.ts(184,14): error TS2451: Cannot redeclare block-scoped variable 'getUserTransactions'.
src/services/api.ts(185,14): error TS2451: Cannot redeclare block-scoped variable 'getUserWallet'.
src/services/api.ts(185,30): error TS2552: Cannot find name 'getClientWallet'. Did you mean 'getAgentWallet'?
src/services/api.ts(186,14): error TS2451: Cannot redeclare block-scoped variable 'getUserTransactions'.
src/services/api.ts(186,36): error TS2552: Cannot find name 'getClientTransactions'. Did you mean 'getAgentTransactions'?
src/services/api.ts(187,31): error TS2552: Cannot find name 'getClientWallet'. Did you mean 'getAgentWallet'?
src/services/api.ts(188,32): error TS2552: Cannot find name 'getClientWallet'. Did you mean 'getAgentWallet'?
src/services/api.ts(189,37): error TS2552: Cannot find name 'getClientTransactions'. Did you mean 'getAgentTransactions'?
src/services/merchants/index.ts(3,15): error TS2307: Cannot find module './transactions' or its corresponding type declarations.
